{
  "run_id": "59573278fc173879bbacef9ae99073f04faa7587dd4659ecad5b4eabe3684cb9",
  "status": "complete",
  "phase": "Phase 4 - Predeclared ETTh1 Candidate Intervention Catalog",
  "schedule": {
    "state": "final",
    "current_epoch_equivalent": 5,
    "static_weight": 0.1,
    "learned_weight": 0.9
  },
  "selection_config": "C:\\Users\\cj\\Desktop\\files (1)\\dgraformer-vis\\configs\\precomputed_intervention_catalog_etth1_40_grid.json",
  "selection_config_sha256": "8fdb78f4a4d1af1d1375239042c83be9b554ea43e701fff21599a0756bdc5edc",
  "candidate_run_id": "467d53169372e3120e7964f81152bee863fc5ef121b01e5413ed813c14c10a5c",
  "datasets": [
    {
      "dataset": "ETTh1",
      "status": "complete",
      "record_count": 640,
      "catalog": "catalog\\ETTh1.json",
      "catalog_sha256": "3f17ab0da1fa10d90ad73334d7dbb74134c40bbae8152069eee768967f87a970",
      "predictions": "predictions\\ETTh1.npz",
      "predictions_sha256": "fb8c0d6db2f13d955daa810f94378e14374bf0ccd30d2d08679e9f4595008b31",
      "checkpoint_sha256": "f6abbd4e9b32ae80851f42d5476069c41c66b900b181f9f24c56d445a1cead9f",
      "data_sha256": "f18de3ad269cef59bb07b5438d79bb3042d3be49bdeecf01c1cd6d29695ee066"
    }
  ],
  "total_real_forward_count": 680,
  "statistical_validation": {
    "status": "separate",
    "reason": "Phase 5 is recomputed across the complete 320-case structural family."
  }
}
