{
  "run_id": "4f144599fcf071bbd3964de1f7e73a46602c62802ba919c45e49806ba9fc30af",
  "case_count": 630,
  "top_cases": [
    {
      "sample_index": 1611,
      "layer": 0,
      "scale_index": 1,
      "period": 96,
      "scale_contribution": 9.295775953432894e-07,
      "source": 4,
      "target": 6,
      "source_name": "LUFL",
      "target_name": "OT",
      "adaptive_weight": 0.9629991054534912,
      "prediction_delta_abs": 0.023154376074671745,
      "prediction_delta_max": 0.11740148067474365,
      "error_delta_mae": -0.0011374056339263916,
      "error_delta_mse": -0.005781829357147217
    },
    {
      "sample_index": 1611,
      "layer": 0,
      "scale_index": 0,
      "period": 24,
      "scale_contribution": 0.9999990463256836,
      "source": 1,
      "target": 5,
      "source_name": "HULL",
      "target_name": "LULL",
      "adaptive_weight": 0.6528227925300598,
      "prediction_delta_abs": 0.019274473190307617,
      "prediction_delta_max": 0.16103249788284302,
      "error_delta_mae": -0.000926971435546875,
      "error_delta_mse": 0.007312893867492676
    },
    {
      "sample_index": 1611,
      "layer": 0,
      "scale_index": 0,
      "period": 24,
      "scale_contribution": 0.9999990463256836,
      "source": 0,
      "target": 2,
      "source_name": "HUFL",
      "target_name": "MUFL",
      "adaptive_weight": 0.921071469783783,
      "prediction_delta_abs": 0.016870705410838127,
      "prediction_delta_max": 0.05962604284286499,
      "error_delta_mae": 3.0100345611572266e-06,
      "error_delta_mse": -0.003090769052505493
    },
    {
      "sample_index": 1074,
      "layer": 0,
      "scale_index": 1,
      "period": 96,
      "scale_contribution": 8.543733720500768e-09,
      "source": 0,
      "target": 1,
      "source_name": "HUFL",
      "target_name": "HULL",
      "adaptive_weight": 0.9705879092216492,
      "prediction_delta_abs": 0.01569371484220028,
      "prediction_delta_max": 0.07613527774810791,
      "error_delta_mae": 0.00010052323341369629,
      "error_delta_mse": 0.0004436969757080078
    },
    {
      "sample_index": 1074,
      "layer": 0,
      "scale_index": 1,
      "period": 96,
      "scale_contribution": 8.543733720500768e-09,
      "source": 4,
      "target": 6,
      "source_name": "LUFL",
      "target_name": "OT",
      "adaptive_weight": 0.9629991054534912,
      "prediction_delta_abs": 0.015254917554557323,
      "prediction_delta_max": 0.09796425700187683,
      "error_delta_mae": 0.0034234821796417236,
      "error_delta_mse": 0.006438910961151123
    }
  ]
}
