{
  "run_id": "495b4cf4d98dfc8675c55de634ebfc37483ca1c39a80065878b47aba8d13579b",
  "status": "complete",
  "claim_label": "Candidate Pattern",
  "upstream_run_id": "99fb2e21e7a4f234a5b3331af84808ce148ef7d8ed435a930a8fd3286eb647d3",
  "datasets": [
    {
      "dataset": "ETTh1",
      "status": "complete",
      "counts": {
        "persistent_edges": 0,
        "window_specific_edges": 12,
        "high_weight_low_frequency_edges": 3,
        "high_frequency_low_weight_edges": 3,
        "sender_roles": 2,
        "receiver_roles": 3,
        "repeated_local_edge_sets": 25
      },
      "pattern_path": "C:\\Users\\cj\\Desktop\\files (1)\\dgraformer-vis\\artifacts\\runs\\495b4cf4d98dfc8675c55de634ebfc37483ca1c39a80065878b47aba8d13579b\\patterns\\ETTh1.json"
    },
    {
      "dataset": "ETTh2",
      "status": "complete",
      "counts": {
        "persistent_edges": 0,
        "window_specific_edges": 14,
        "high_weight_low_frequency_edges": 4,
        "high_frequency_low_weight_edges": 3,
        "sender_roles": 2,
        "receiver_roles": 2,
        "repeated_local_edge_sets": 25
      },
      "pattern_path": "C:\\Users\\cj\\Desktop\\files (1)\\dgraformer-vis\\artifacts\\runs\\495b4cf4d98dfc8675c55de634ebfc37483ca1c39a80065878b47aba8d13579b\\patterns\\ETTh2.json"
    },
    {
      "dataset": "ETTm1",
      "status": "complete",
      "counts": {
        "persistent_edges": 0,
        "window_specific_edges": 11,
        "high_weight_low_frequency_edges": 3,
        "high_frequency_low_weight_edges": 0,
        "sender_roles": 2,
        "receiver_roles": 2,
        "repeated_local_edge_sets": 25
      },
      "pattern_path": "C:\\Users\\cj\\Desktop\\files (1)\\dgraformer-vis\\artifacts\\runs\\495b4cf4d98dfc8675c55de634ebfc37483ca1c39a80065878b47aba8d13579b\\patterns\\ETTm1.json"
    },
    {
      "dataset": "ETTm2",
      "status": "complete",
      "counts": {
        "persistent_edges": 0,
        "window_specific_edges": 16,
        "high_weight_low_frequency_edges": 7,
        "high_frequency_low_weight_edges": 6,
        "sender_roles": 2,
        "receiver_roles": 2,
        "repeated_local_edge_sets": 25
      },
      "pattern_path": "C:\\Users\\cj\\Desktop\\files (1)\\dgraformer-vis\\artifacts\\runs\\495b4cf4d98dfc8675c55de634ebfc37483ca1c39a80065878b47aba8d13579b\\patterns\\ETTm2.json"
    },
    {
      "dataset": "Weather",
      "status": "complete",
      "counts": {
        "persistent_edges": 0,
        "window_specific_edges": 144,
        "high_weight_low_frequency_edges": 55,
        "high_frequency_low_weight_edges": 40,
        "sender_roles": 6,
        "receiver_roles": 6,
        "repeated_local_edge_sets": 25
      },
      "pattern_path": "C:\\Users\\cj\\Desktop\\files (1)\\dgraformer-vis\\artifacts\\runs\\495b4cf4d98dfc8675c55de634ebfc37483ca1c39a80065878b47aba8d13579b\\patterns\\Weather.json"
    }
  ]
}
