{
  "run_id": "b14d10fb15223b8ed576e7681b745e7881d51973ae6853baab03eee020fb3cd0",
  "status": "complete",
  "phase": "Phase 4 - Predeclared Candidate Intervention Catalog",
  "schedule": {
    "state": "final",
    "current_epoch_equivalent": 5,
    "static_weight": 0.1,
    "learned_weight": 0.9
  },
  "selection_config": "C:\\Users\\cj\\Desktop\\files (1)\\dgraformer-vis\\configs\\precomputed_intervention_catalog_ettm1_40_grid.json",
  "selection_config_sha256": "206b96d93ef82cd37914da7d12e11606eebd21db734c73c903ed33e80c0f5e01",
  "candidate_run_id": "467d53169372e3120e7964f81152bee863fc5ef121b01e5413ed813c14c10a5c",
  "datasets": [
    {
      "dataset": "ETTm1",
      "status": "complete",
      "record_count": 160,
      "catalog": "catalog\\ETTm1.json",
      "catalog_sha256": "c2dbcf356fca02232644c1853b46ebaf1e8eb3b9e3239a820e8d4d0609c79f05",
      "predictions": "predictions\\ETTm1.npz",
      "predictions_sha256": "5dbad943df4e1af37e54392cc50a0fb4aaeb9165c4b48a32fd4f2de91ba78c4c",
      "checkpoint_sha256": "b065f4048f05fb2544070ef5652c382f501fb2f070bb0e352f30e46dddaa55fa",
      "data_sha256": "6ce1759b1a18e3328421d5d75fadcb316c449fcd7cec32820c8dafda71986c9e"
    }
  ],
  "total_real_forward_count": 200,
  "statistical_validation": {
    "status": "separate",
    "reason": "Phase 5 is recomputed across the complete ETTm1 structural family."
  }
}
