{
  "run_id": "17215bcc7c426c10b7ee7fe4c94a30e36833f39345d9214cb65c905a6277b575",
  "status": "complete",
  "phase": "Phase 5 - ETTm1 Precomputed Evidence Catalog",
  "dataset": "ETTm1",
  "case_count": 520,
  "real_forward_groups": 240,
  "config_path": "C:\\Users\\cj\\Desktop\\files (1)\\dgraformer-vis\\configs\\precomputed_evidence_catalog_ettm1_40_grid.json",
  "config_sha256": "9d1578860c8115c19dbb1183e6e964d1de41b31562daa06940446777162bec8a",
  "registry_sha256": "b1621af0e6a84389c479576b06e854e96c307cbc675f38ce5fa4c3f80895ac1f",
  "checkpoint_sha256": "b065f4048f05fb2544070ef5652c382f501fb2f070bb0e352f30e46dddaa55fa",
  "data_sha256": "6ce1759b1a18e3328421d5d75fadcb316c449fcd7cec32820c8dafda71986c9e",
  "intervention_catalog_run_id": "82fa5e1fd17625ef0f6a914aac4d3658c06075eabf7ac252078bcb5080f09d12",
  "evidence_catalog": "evidence_catalog.json",
  "evidence_catalog_sha256": "19b932e212f0e4f892230137cefa2a72a6787249bcd0afd2f8745c989252e3d8",
  "raw_prediction_groups": [
    {
      "sample_index": 0,
      "window": 1,
      "prediction_file": "predictions\\sample_0_window_1.npz",
      "prediction_sha256": "ee55de3bf6c06c9a7b05fc445433b6cd21fa997cc49e334ad46c4550661674b6",
      "identity_delta": 0.0
    },
    {
      "sample_index": 0,
      "window": 2,
      "prediction_file": "predictions\\sample_0_window_2.npz",
      "prediction_sha256": "c8e70427c913195d7acae2d29945e18d103feb0cf1d7869c7a7e15fa12d0693c",
      "identity_delta": 0.0
    },
    {
      "sample_index": 0,
      "window": 3,
      "prediction_file": "predictions\\sample_0_window_3.npz",
      "prediction_sha256": "3a9d38047205577db24ea90487b3e5ab59c98b3b56e7728681f002430334893f",
      "identity_delta": 0.0
    },
    {
      "sample_index": 0,
      "window": 4,
      "prediction_file": "predictions\\sample_0_window_4.npz",
      "prediction_sha256": "929ca68116d280803e6046bbc826bcc7837a1cde6aa9b2503ea09f4b941938e3",
      "identity_delta": 0.0
    },
    {
      "sample_index": 0,
      "window": 5,
      "prediction_file": "predictions\\sample_0_window_5.npz",
      "prediction_sha256": "11177feb5ff4ea48489f86345ed61f02c7222cf1d8e8ca20804f1baaf5528fb5",
      "identity_delta": 0.0
    },
    {
      "sample_index": 0,
      "window": 6,
      "prediction_file": "predictions\\sample_0_window_6.npz",
      "prediction_sha256": "ba3436a39badf6252470b3ae26f38681ab025d811aa4f30c040672011be76912",
      "identity_delta": 0.0
    },
    {
      "sample_index": 293,
      "window": 1,
      "prediction_file": "predictions\\sample_293_window_1.npz",
      "prediction_sha256": "1bfab60212253db0390944234ed681c07e5d6300ff482123bcffecd9b29abdc7",
      "identity_delta": 0.0
    },
    {
      "sample_index": 293,
      "window": 2,
      "prediction_file": "predictions\\sample_293_window_2.npz",
      "prediction_sha256": "531598dfb61d706412a5cb7b51b52963f729af95a3227be715731749dea11200",
      "identity_delta": 0.0
    },
    {
      "sample_index": 293,
      "window": 3,
      "prediction_file": "predictions\\sample_293_window_3.npz",
      "prediction_sha256": "9f3510e6aa098fa7578812426b92d5f6fa78659eb364f7da4e2ae0cd8d7daea1",
      "identity_delta": 0.0
    },
    {
      "sample_index": 293,
      "window": 4,
      "prediction_file": "predictions\\sample_293_window_4.npz",
      "prediction_sha256": "d5ae15ea51187e9e7a98c197d0d8803b003aefa422f774b528a6d69fb09d4499",
      "identity_delta": 0.0
    },
    {
      "sample_index": 293,
      "window": 5,
      "prediction_file": "predictions\\sample_293_window_5.npz",
      "prediction_sha256": "b07ce6793e24511555fd1148b082d065d76a9757c0e77b1ace79a00e79976cf5",
      "identity_delta": 0.0
    },
    {
      "sample_index": 293,
      "window": 6,
      "prediction_file": "predictions\\sample_293_window_6.npz",
      "prediction_sha256": "957f534179601fdeb46d55eddf208c48fdd179ba0bb935b1ad8d0459117e3df3",
      "identity_delta": 0.0
    },
    {
      "sample_index": 586,
      "window": 1,
      "prediction_file": "predictions\\sample_586_window_1.npz",
      "prediction_sha256": "1b1f88a8a12867288f807ac00ae12902d5b2bef7658eed0e9b67a8c2f36eab36",
      "identity_delta": 0.0
    },
    {
      "sample_index": 586,
      "window": 2,
      "prediction_file": "predictions\\sample_586_window_2.npz",
      "prediction_sha256": "260123713ab297ee3316d3cf7988f1a1a2be8a6711b494eae1a0d86370ea0125",
      "identity_delta": 0.0
    },
    {
      "sample_index": 586,
      "window": 3,
      "prediction_file": "predictions\\sample_586_window_3.npz",
      "prediction_sha256": "81aa305ac7853a0f830ed0dc7a77d285d8c90d183b444f52bfc97f868be6f15a",
      "identity_delta": 0.0
    },
    {
      "sample_index": 586,
      "window": 4,
      "prediction_file": "predictions\\sample_586_window_4.npz",
      "prediction_sha256": "2f5cbf86f300528c3a893ecef2dd574c344d1e7b8e6cb0fb06f1cdcc2204e584",
      "identity_delta": 0.0
    },
    {
      "sample_index": 586,
      "window": 5,
      "prediction_file": "predictions\\sample_586_window_5.npz",
      "prediction_sha256": "397bc640b7cf18ddc4497ccad34e4aeff0a840473603fc22450765560a6d2dd1",
      "identity_delta": 0.0
    },
    {
      "sample_index": 586,
      "window": 6,
      "prediction_file": "predictions\\sample_586_window_6.npz",
      "prediction_sha256": "18a4b9fb2f33eec8be43247b792b24364bb6fdffa443dccea1cd448b0cb69a35",
      "identity_delta": 0.0
    },
    {
      "sample_index": 879,
      "window": 1,
      "prediction_file": "predictions\\sample_879_window_1.npz",
      "prediction_sha256": "03209b6661c069088b582881db440a0d0df99b72891116450897d953b204f075",
      "identity_delta": 0.0
    },
    {
      "sample_index": 879,
      "window": 2,
      "prediction_file": "predictions\\sample_879_window_2.npz",
      "prediction_sha256": "5329a53ed0636a90dfa4dee821e0961e16fda0b234b76d01285c116fd085b284",
      "identity_delta": 0.0
    },
    {
      "sample_index": 879,
      "window": 3,
      "prediction_file": "predictions\\sample_879_window_3.npz",
      "prediction_sha256": "be125b9a5c8b1ed6086f984d9ce553153e9278f19ce1f45422a23b6c1d7d1e4c",
      "identity_delta": 0.0
    },
    {
      "sample_index": 879,
      "window": 4,
      "prediction_file": "predictions\\sample_879_window_4.npz",
      "prediction_sha256": "36543f35da4e8ec6a603a6992c9e0a7df2832402811fa09eb89434ac9b4d8c8e",
      "identity_delta": 0.0
    },
    {
      "sample_index": 879,
      "window": 5,
      "prediction_file": "predictions\\sample_879_window_5.npz",
      "prediction_sha256": "7b7acce92142c686aecb7d4fc3ee72af679c249c1554f683912388899f5755e6",
      "identity_delta": 0.0
    },
    {
      "sample_index": 879,
      "window": 6,
      "prediction_file": "predictions\\sample_879_window_6.npz",
      "prediction_sha256": "f62a6a5f81da44ca311908ff8ebd664628cba6cd7f9b4e0c05f55683a2fdafdf",
      "identity_delta": 0.0
    },
    {
      "sample_index": 1172,
      "window": 1,
      "prediction_file": "predictions\\sample_1172_window_1.npz",
      "prediction_sha256": "eaac44b297dafc2aad99c88283784e782e11ee3f1ea4dabba30fa1f80ba606b6",
      "identity_delta": 0.0
    },
    {
      "sample_index": 1172,
      "window": 2,
      "prediction_file": "predictions\\sample_1172_window_2.npz",
      "prediction_sha256": "14f81017c5407ef551e36a52f6d103d15f8a5d6d752ad8b443406d3c2903b8e4",
      "identity_delta": 0.0
    },
    {
      "sample_index": 1172,
      "window": 3,
      "prediction_file": "predictions\\sample_1172_window_3.npz",
      "prediction_sha256": "9c403e979fd5e180eb5e5d718079f1af19ea7aae043dde9975a5378253d02801",
      "identity_delta": 0.0
    },
    {
      "sample_index": 1172,
      "window": 4,
      "prediction_file": "predictions\\sample_1172_window_4.npz",
      "prediction_sha256": "b657b3ed121ccdba5b15e9344f45e1401c7703b3a4e5921d7026d04802815759",
      "identity_delta": 0.0
    },
    {
      "sample_index": 1172,
      "window": 5,
      "prediction_file": "predictions\\sample_1172_window_5.npz",
      "prediction_sha256": "688e39c7bfe832d837cd96466082442433d9a0f56fb30fd59d5634c3b746edaf",
      "identity_delta": 0.0
    },
    {
      "sample_index": 1172,
      "window": 6,
      "prediction_file": "predictions\\sample_1172_window_6.npz",
      "prediction_sha256": "6e62bd11195d64c6780b0e0aaa6a3dacc43fc24523b8cd3d84bc9dd051d69c0a",
      "identity_delta": 0.0
    },
    {
      "sample_index": 1465,
      "window": 1,
      "prediction_file": "predictions\\sample_1465_window_1.npz",
      "prediction_sha256": "7a750f84e8d568cac90ac15a4f4e724970b8f1a317e18db313659a906a2ac344",
      "identity_delta": 0.0
    },
    {
      "sample_index": 1465,
      "window": 2,
      "prediction_file": "predictions\\sample_1465_window_2.npz",
      "prediction_sha256": "15408082c13419afea032b9af9ab76802f20953674f5ac2e62db75ebaa032c18",
      "identity_delta": 0.0
    },
    {
      "sample_index": 1465,
      "window": 3,
      "prediction_file": "predictions\\sample_1465_window_3.npz",
      "prediction_sha256": "25aeaf301292b8c968a1992ddcd1cd74dbdd959a75d3a1a22124fe2d4acf4734",
      "identity_delta": 0.0
    },
    {
      "sample_index": 1465,
      "window": 4,
      "prediction_file": "predictions\\sample_1465_window_4.npz",
      "prediction_sha256": "6d323e068b328f220735d1dab10f2008d900b663482f64e4f020a236e4a0ed41",
      "identity_delta": 0.0
    },
    {
      "sample_index": 1465,
      "window": 5,
      "prediction_file": "predictions\\sample_1465_window_5.npz",
      "prediction_sha256": "9d96a5bb2c99dd07e544f6bda9b08e1f1912c60c683f4bf1bcd03b789bb5cbf8",
      "identity_delta": 0.0
    },
    {
      "sample_index": 1465,
      "window": 6,
      "prediction_file": "predictions\\sample_1465_window_6.npz",
      "prediction_sha256": "ac71014f8636fb1998088c74330fdc7713a2700de3968cb084a77a88eda1f648",
      "identity_delta": 0.0
    },
    {
      "sample_index": 1758,
      "window": 1,
      "prediction_file": "predictions\\sample_1758_window_1.npz",
      "prediction_sha256": "9eee83717fb3c792ca122ffc4f1de2ce5658bf104d7b0e86be9ff8e0157313fd",
      "identity_delta": 0.0
    },
    {
      "sample_index": 1758,
      "window": 2,
      "prediction_file": "predictions\\sample_1758_window_2.npz",
      "prediction_sha256": "06bdc4b02d7bc7bf3535953c40e6e875b311fb8b9778d5fde711a6fa19c51522",
      "identity_delta": 0.0
    },
    {
      "sample_index": 1758,
      "window": 3,
      "prediction_file": "predictions\\sample_1758_window_3.npz",
      "prediction_sha256": "d5d22853f1c8d4c5f5814e31b784804b49a7b342e33d786320bb0dbf1a5ae65c",
      "identity_delta": 0.0
    },
    {
      "sample_index": 1758,
      "window": 4,
      "prediction_file": "predictions\\sample_1758_window_4.npz",
      "prediction_sha256": "e8189f3a8a67195dc6e2f483f653a03d56dbb86c0a6713028be8eb4ef87d4e3c",
      "identity_delta": 0.0
    },
    {
      "sample_index": 1758,
      "window": 5,
      "prediction_file": "predictions\\sample_1758_window_5.npz",
      "prediction_sha256": "b85b75b649151233225f953afc82396e7bf3e9c3e1865bd7f4bbce90ded474c1",
      "identity_delta": 0.0
    },
    {
      "sample_index": 1758,
      "window": 6,
      "prediction_file": "predictions\\sample_1758_window_6.npz",
      "prediction_sha256": "c42fe8757259fe80432cb9c1c8a12233ea0cf7135ba13a9ea9e06ded6876ccfe",
      "identity_delta": 0.0
    },
    {
      "sample_index": 2050,
      "window": 1,
      "prediction_file": "predictions\\sample_2050_window_1.npz",
      "prediction_sha256": "4087b7736b89033580f5c363d560e97c017e9521172b67b29a7128a45afd1063",
      "identity_delta": 0.0
    },
    {
      "sample_index": 2050,
      "window": 2,
      "prediction_file": "predictions\\sample_2050_window_2.npz",
      "prediction_sha256": "3864061293fcc96e4ec498fd345b7b81e569999c8abfb37245d9b0749d9a5a3d",
      "identity_delta": 0.0
    },
    {
      "sample_index": 2050,
      "window": 3,
      "prediction_file": "predictions\\sample_2050_window_3.npz",
      "prediction_sha256": "298f12777bf555581eea7b8c571d5beea6d957a7371d53b1bdd5874b8bf38890",
      "identity_delta": 0.0
    },
    {
      "sample_index": 2050,
      "window": 4,
      "prediction_file": "predictions\\sample_2050_window_4.npz",
      "prediction_sha256": "ed56f4ae31c5c24afd6f17cbb156cf03fcd24de95cdd675a8f866c8cbf6767a7",
      "identity_delta": 0.0
    },
    {
      "sample_index": 2050,
      "window": 5,
      "prediction_file": "predictions\\sample_2050_window_5.npz",
      "prediction_sha256": "2af47b38351d74e3bb35db8a4cc3977959d527bb5eca758addeabde3742772ec",
      "identity_delta": 0.0
    },
    {
      "sample_index": 2050,
      "window": 6,
      "prediction_file": "predictions\\sample_2050_window_6.npz",
      "prediction_sha256": "fa24476d6792850def7589b1f498c1ed6bf747048f2337876702a1542e4e2b13",
      "identity_delta": 0.0
    },
    {
      "sample_index": 2343,
      "window": 1,
      "prediction_file": "predictions\\sample_2343_window_1.npz",
      "prediction_sha256": "053fdcad35d110129824c8efc0400aa016f99555a01a4ee3b8d312b79463de57",
      "identity_delta": 0.0
    },
    {
      "sample_index": 2343,
      "window": 2,
      "prediction_file": "predictions\\sample_2343_window_2.npz",
      "prediction_sha256": "8569d031ef1c2656530fd2cb3198f578555d6e27a0ec276b90f4235c3c8f7777",
      "identity_delta": 0.0
    },
    {
      "sample_index": 2343,
      "window": 3,
      "prediction_file": "predictions\\sample_2343_window_3.npz",
      "prediction_sha256": "ac91b66c35af165b68e203d98adbb44ff2c18ca530dfdd8b1d63243d3ac6093d",
      "identity_delta": 0.0
    },
    {
      "sample_index": 2343,
      "window": 4,
      "prediction_file": "predictions\\sample_2343_window_4.npz",
      "prediction_sha256": "d3ffdcb5da1381cef88770d3fa982c408a34dd94773749f3866732c8aa931467",
      "identity_delta": 0.0
    },
    {
      "sample_index": 2343,
      "window": 5,
      "prediction_file": "predictions\\sample_2343_window_5.npz",
      "prediction_sha256": "ce912d9198569ecc8cd7686b2f882c304d565c2e0e11218ea3a5f1d6a1ba94c3",
      "identity_delta": 0.0
    },
    {
      "sample_index": 2343,
      "window": 6,
      "prediction_file": "predictions\\sample_2343_window_6.npz",
      "prediction_sha256": "54a7acd9fe2b161305885195ea4e318c73e59034f03cc9c1fb5efb951505aeb5",
      "identity_delta": 0.0
    },
    {
      "sample_index": 2636,
      "window": 1,
      "prediction_file": "predictions\\sample_2636_window_1.npz",
      "prediction_sha256": "607f98789c92b31bb697f1f5acca6c04963242d40651cdb68ad7c9838fae361d",
      "identity_delta": 0.0
    },
    {
      "sample_index": 2636,
      "window": 2,
      "prediction_file": "predictions\\sample_2636_window_2.npz",
      "prediction_sha256": "ce6dd2cd455f62dcf1a166b1ca5a2da922167e8950a97ebfc188639a21fd66f1",
      "identity_delta": 0.0
    },
    {
      "sample_index": 2636,
      "window": 3,
      "prediction_file": "predictions\\sample_2636_window_3.npz",
      "prediction_sha256": "c7ed49d7b86d133c8a3e7c844816b37def4d1f97132dde9a0d0ebfe8156b5e3d",
      "identity_delta": 0.0
    },
    {
      "sample_index": 2636,
      "window": 4,
      "prediction_file": "predictions\\sample_2636_window_4.npz",
      "prediction_sha256": "656497853668fd056e9a3eeb35e00f24f742ddb2a6b96b47a7d1584dcb0608f7",
      "identity_delta": 0.0
    },
    {
      "sample_index": 2636,
      "window": 5,
      "prediction_file": "predictions\\sample_2636_window_5.npz",
      "prediction_sha256": "38aaf6d1a4343d00f0a283fcd1db6899410285e96bfa611cce52f90e7dafaca5",
      "identity_delta": 0.0
    },
    {
      "sample_index": 2636,
      "window": 6,
      "prediction_file": "predictions\\sample_2636_window_6.npz",
      "prediction_sha256": "898eeb882db477f89602d01d883af2d1e5dcf24ba5038ddb972d1265eaf99dff",
      "identity_delta": 0.0
    },
    {
      "sample_index": 2929,
      "window": 1,
      "prediction_file": "predictions\\sample_2929_window_1.npz",
      "prediction_sha256": "c49d568564da0bed1b9d610b5e0d5c9855e8c4ff573d764f0ee2f4ce8c67fbf3",
      "identity_delta": 0.0
    },
    {
      "sample_index": 2929,
      "window": 2,
      "prediction_file": "predictions\\sample_2929_window_2.npz",
      "prediction_sha256": "a8eec1ff44d43a7fb297c406af562561367d3aa8b5a71b40838820f70987b7c1",
      "identity_delta": 0.0
    },
    {
      "sample_index": 2929,
      "window": 3,
      "prediction_file": "predictions\\sample_2929_window_3.npz",
      "prediction_sha256": "d4007b36abfb64f8bbafb59a72273f8d05be740c23cf266ed951c2107f03567e",
      "identity_delta": 0.0
    },
    {
      "sample_index": 2929,
      "window": 4,
      "prediction_file": "predictions\\sample_2929_window_4.npz",
      "prediction_sha256": "35525e5439a7259aeeb49b03cda9b68fb1fe386a4c048936d01ede786856f432",
      "identity_delta": 0.0
    },
    {
      "sample_index": 2929,
      "window": 5,
      "prediction_file": "predictions\\sample_2929_window_5.npz",
      "prediction_sha256": "c71f588f2e0dc52b1e998cb495981f7a56ff27b78d0c2f0fb7be7b36e2332b3b",
      "identity_delta": 0.0
    },
    {
      "sample_index": 2929,
      "window": 6,
      "prediction_file": "predictions\\sample_2929_window_6.npz",
      "prediction_sha256": "36169d1c8f346cbaac1ad489ff1bc5a698648570e9b7b726dccfbe0a27800d40",
      "identity_delta": 0.0
    },
    {
      "sample_index": 3222,
      "window": 1,
      "prediction_file": "predictions\\sample_3222_window_1.npz",
      "prediction_sha256": "205a0077eb5206c4416c0992ad6276a9a2481a7915dc67b212d4807b23eb1a4f",
      "identity_delta": 0.0
    },
    {
      "sample_index": 3222,
      "window": 2,
      "prediction_file": "predictions\\sample_3222_window_2.npz",
      "prediction_sha256": "d3c5e8b24e95821090db1743f0b472dfedc7a0e12f37625544194733d6f37c79",
      "identity_delta": 0.0
    },
    {
      "sample_index": 3222,
      "window": 3,
      "prediction_file": "predictions\\sample_3222_window_3.npz",
      "prediction_sha256": "708d86ac4ac5e2e09672cee58b74c63deaf34c918ca30307d42896d6dbc8c3b5",
      "identity_delta": 0.0
    },
    {
      "sample_index": 3222,
      "window": 4,
      "prediction_file": "predictions\\sample_3222_window_4.npz",
      "prediction_sha256": "8b996cbb3b39c6de99c471f0f0c0b2517b32273511530cb7fe12ee87435b6fd3",
      "identity_delta": 0.0
    },
    {
      "sample_index": 3222,
      "window": 5,
      "prediction_file": "predictions\\sample_3222_window_5.npz",
      "prediction_sha256": "51bcdd94c192ca04d1947c9674d89ffb41ad2c93e5e4c8046fafe45391d55007",
      "identity_delta": 0.0
    },
    {
      "sample_index": 3222,
      "window": 6,
      "prediction_file": "predictions\\sample_3222_window_6.npz",
      "prediction_sha256": "81d7e3b0ea0088b6254799002f4d199f5d3bad9dd1ecc3cf06c65c72f4df62eb",
      "identity_delta": 0.0
    },
    {
      "sample_index": 3515,
      "window": 1,
      "prediction_file": "predictions\\sample_3515_window_1.npz",
      "prediction_sha256": "9509ed86c602bdd9f3e91838e1ad66551001c0df9323f3da48f46fb90324ffad",
      "identity_delta": 0.0
    },
    {
      "sample_index": 3515,
      "window": 2,
      "prediction_file": "predictions\\sample_3515_window_2.npz",
      "prediction_sha256": "9419c51a2bb10a40661e5c004cdfc0a35323115a7b34513e99e8e16627297709",
      "identity_delta": 0.0
    },
    {
      "sample_index": 3515,
      "window": 3,
      "prediction_file": "predictions\\sample_3515_window_3.npz",
      "prediction_sha256": "9a3d936557038d8c3302038a08369cf8fa9fefbce6d2269af1aef2d973ea24c5",
      "identity_delta": 0.0
    },
    {
      "sample_index": 3515,
      "window": 4,
      "prediction_file": "predictions\\sample_3515_window_4.npz",
      "prediction_sha256": "fc2140feb71adb2929995dcbea76d77954a927ab9266d89896247298096c1963",
      "identity_delta": 0.0
    },
    {
      "sample_index": 3515,
      "window": 5,
      "prediction_file": "predictions\\sample_3515_window_5.npz",
      "prediction_sha256": "833656e425450dea0f31a8aacad5182df755fd041831e0a68402e3bff2b7e8d2",
      "identity_delta": 0.0
    },
    {
      "sample_index": 3515,
      "window": 6,
      "prediction_file": "predictions\\sample_3515_window_6.npz",
      "prediction_sha256": "dcdd5ca16b5895f0308336df4763c9b6fffedd7a181e91d5e755d81447a86221",
      "identity_delta": 0.0
    },
    {
      "sample_index": 3808,
      "window": 1,
      "prediction_file": "predictions\\sample_3808_window_1.npz",
      "prediction_sha256": "73b30455bf1cea7f4b9e9bcf040cf5845fde69f616426bea6cf36669c9d058b9",
      "identity_delta": 0.0
    },
    {
      "sample_index": 3808,
      "window": 2,
      "prediction_file": "predictions\\sample_3808_window_2.npz",
      "prediction_sha256": "781bf4b1bfe67ef129b5624a09ea33ed744bea65703d9a47f7d832fc36c1d836",
      "identity_delta": 0.0
    },
    {
      "sample_index": 3808,
      "window": 3,
      "prediction_file": "predictions\\sample_3808_window_3.npz",
      "prediction_sha256": "9008ab431b2ae86bd173598130f4e2cfe7a046ca3e540729283c5c8f6539ba63",
      "identity_delta": 0.0
    },
    {
      "sample_index": 3808,
      "window": 4,
      "prediction_file": "predictions\\sample_3808_window_4.npz",
      "prediction_sha256": "2e58b5c22c68cacd4b79fe9dc734f636b07afb8e5b1bd388d65c6d6964cf8dd0",
      "identity_delta": 0.0
    },
    {
      "sample_index": 3808,
      "window": 5,
      "prediction_file": "predictions\\sample_3808_window_5.npz",
      "prediction_sha256": "510e3a528ff1852a7bfa0282fd9667028d85cb5d40ec25137d600be0d2a0d7d3",
      "identity_delta": 0.0
    },
    {
      "sample_index": 3808,
      "window": 6,
      "prediction_file": "predictions\\sample_3808_window_6.npz",
      "prediction_sha256": "728fe5c4fad9925c5ac5ba49929a2e61160132e3c6f7a0589fa3a9dfa62855c4",
      "identity_delta": 0.0
    },
    {
      "sample_index": 4101,
      "window": 1,
      "prediction_file": "predictions\\sample_4101_window_1.npz",
      "prediction_sha256": "acbc44c78723aa3ea5a6de53e33f228e95f46fd0e38226383a1f1e74dde69d58",
      "identity_delta": 0.0
    },
    {
      "sample_index": 4101,
      "window": 2,
      "prediction_file": "predictions\\sample_4101_window_2.npz",
      "prediction_sha256": "d23ccd30a974e153f3c71c900c5719b1c7100a5f4348997e5564b234099ca930",
      "identity_delta": 0.0
    },
    {
      "sample_index": 4101,
      "window": 3,
      "prediction_file": "predictions\\sample_4101_window_3.npz",
      "prediction_sha256": "552d086ca152fb559dbee45b9ba430fdf486941a5af441690a15b978e5850891",
      "identity_delta": 0.0
    },
    {
      "sample_index": 4101,
      "window": 4,
      "prediction_file": "predictions\\sample_4101_window_4.npz",
      "prediction_sha256": "883e5fd94284e03bfab83837e8e4e2ba40ffbcf6becc92185bfa914da15166c5",
      "identity_delta": 0.0
    },
    {
      "sample_index": 4101,
      "window": 5,
      "prediction_file": "predictions\\sample_4101_window_5.npz",
      "prediction_sha256": "3e1b0274f28b06dc7af2d0e5f9ebece071b01466a13c5bb87bc3edbd4e63bb9f",
      "identity_delta": 0.0
    },
    {
      "sample_index": 4101,
      "window": 6,
      "prediction_file": "predictions\\sample_4101_window_6.npz",
      "prediction_sha256": "bfa440dddadd4b5e4701d071827dfd1896ef5dfcb8cc92a3c158bbee67daccc4",
      "identity_delta": 0.0
    },
    {
      "sample_index": 4394,
      "window": 1,
      "prediction_file": "predictions\\sample_4394_window_1.npz",
      "prediction_sha256": "b3a7c77d58c6d28f1f686457c320abd41654e58ab035c3d74358be315c6fb2b9",
      "identity_delta": 0.0
    },
    {
      "sample_index": 4394,
      "window": 2,
      "prediction_file": "predictions\\sample_4394_window_2.npz",
      "prediction_sha256": "caffbc633f5c9fc93725a9a24898987e418372caf1fa7c9230aad625bbe0f9cd",
      "identity_delta": 0.0
    },
    {
      "sample_index": 4394,
      "window": 3,
      "prediction_file": "predictions\\sample_4394_window_3.npz",
      "prediction_sha256": "0fc0254f7bba7f472c4ebed2b5961f3d7d2ad60441d7f5f5329d2f5129ba3c53",
      "identity_delta": 0.0
    },
    {
      "sample_index": 4394,
      "window": 4,
      "prediction_file": "predictions\\sample_4394_window_4.npz",
      "prediction_sha256": "12947daa707e01da3567d6cc1438d84a8aff74464c4b530ffc545c760235a5da",
      "identity_delta": 0.0
    },
    {
      "sample_index": 4394,
      "window": 5,
      "prediction_file": "predictions\\sample_4394_window_5.npz",
      "prediction_sha256": "1fb29145fb52d25cc81a92d934e95edc14d6bbec0cb64fcda805f40ea38a6b42",
      "identity_delta": 0.0
    },
    {
      "sample_index": 4394,
      "window": 6,
      "prediction_file": "predictions\\sample_4394_window_6.npz",
      "prediction_sha256": "f52b46dcba53eb9f1f8e500b3d2c87982aec3af623325d9f56900109b1f1a6fe",
      "identity_delta": 0.0
    },
    {
      "sample_index": 4687,
      "window": 1,
      "prediction_file": "predictions\\sample_4687_window_1.npz",
      "prediction_sha256": "c18d7dbf85a96914f022a70706a4e5618d3ae250e9e5808d7c420180a8c9db20",
      "identity_delta": 0.0
    },
    {
      "sample_index": 4687,
      "window": 2,
      "prediction_file": "predictions\\sample_4687_window_2.npz",
      "prediction_sha256": "09d531bf95dab8d20081c2634682eda1040d5dad17a25467d198c416332873a5",
      "identity_delta": 0.0
    },
    {
      "sample_index": 4687,
      "window": 3,
      "prediction_file": "predictions\\sample_4687_window_3.npz",
      "prediction_sha256": "5cdcfbc97925573e3e0900ae5cf8cb24c83083c059beaef71f6bea2e05b174fa",
      "identity_delta": 0.0
    },
    {
      "sample_index": 4687,
      "window": 4,
      "prediction_file": "predictions\\sample_4687_window_4.npz",
      "prediction_sha256": "181bbd198358354f9fd3e0bb7ae8cd53a070cb6a230fd969f4ecd500618c5c84",
      "identity_delta": 0.0
    },
    {
      "sample_index": 4687,
      "window": 5,
      "prediction_file": "predictions\\sample_4687_window_5.npz",
      "prediction_sha256": "6a9df5851bcb95d0f827b4b0797b9ecc123292f8c6a7c23b1acc9768d2094a69",
      "identity_delta": 0.0
    },
    {
      "sample_index": 4687,
      "window": 6,
      "prediction_file": "predictions\\sample_4687_window_6.npz",
      "prediction_sha256": "641867ff229f2078b8007b72ffe21940f04710a8a121b6ce594b8937fb097af2",
      "identity_delta": 0.0
    },
    {
      "sample_index": 4980,
      "window": 1,
      "prediction_file": "predictions\\sample_4980_window_1.npz",
      "prediction_sha256": "f106f570d04ae794698cd70ab1243e4457e936cbe80b6d3c645c28c0a5d45c28",
      "identity_delta": 0.0
    },
    {
      "sample_index": 4980,
      "window": 2,
      "prediction_file": "predictions\\sample_4980_window_2.npz",
      "prediction_sha256": "02c9a97b6cd9c3d3e35d093523d19cf1e87471e975ddbca46da9971de71d55da",
      "identity_delta": 0.0
    },
    {
      "sample_index": 4980,
      "window": 3,
      "prediction_file": "predictions\\sample_4980_window_3.npz",
      "prediction_sha256": "cb2dfa16c982adef6309ed5e7a3c9dbbf2adfe5ae8c4992e8ba7bed0f314496c",
      "identity_delta": 0.0
    },
    {
      "sample_index": 4980,
      "window": 4,
      "prediction_file": "predictions\\sample_4980_window_4.npz",
      "prediction_sha256": "9d460cf9e7d1bd0a36b08bd400f6a90da265e30f9c0a3e4f3b45c6d8acfd6d9f",
      "identity_delta": 0.0
    },
    {
      "sample_index": 4980,
      "window": 5,
      "prediction_file": "predictions\\sample_4980_window_5.npz",
      "prediction_sha256": "a9f5988e7b4c90da65cf54997dad2b23d1ebd454a547e94ad9e319371fb6f4ee",
      "identity_delta": 0.0
    },
    {
      "sample_index": 4980,
      "window": 6,
      "prediction_file": "predictions\\sample_4980_window_6.npz",
      "prediction_sha256": "baf18fb2000b943591a835a192ee62a3e00a0d1ab1aae37bdc8c9500299c1a0c",
      "identity_delta": 0.0
    },
    {
      "sample_index": 5273,
      "window": 1,
      "prediction_file": "predictions\\sample_5273_window_1.npz",
      "prediction_sha256": "02984e41915dbb9f6e7efd0eb895a5ad9e8507767a8d865dea0bbd95ea8c14d8",
      "identity_delta": 0.0
    },
    {
      "sample_index": 5273,
      "window": 2,
      "prediction_file": "predictions\\sample_5273_window_2.npz",
      "prediction_sha256": "feda959ae6b7af9e4df1f9370b4d7935874e3ae444b641a0ab64ce834d311402",
      "identity_delta": 0.0
    },
    {
      "sample_index": 5273,
      "window": 3,
      "prediction_file": "predictions\\sample_5273_window_3.npz",
      "prediction_sha256": "d04bf86ec01c15b6da8dd1b6a91738061a4df5d8ca8abe9e45a577c344782207",
      "identity_delta": 0.0
    },
    {
      "sample_index": 5273,
      "window": 4,
      "prediction_file": "predictions\\sample_5273_window_4.npz",
      "prediction_sha256": "9b9cda624497ed5508cc5b126e720b4e8eccdf30e78e59c184be3d536d6b5d45",
      "identity_delta": 0.0
    },
    {
      "sample_index": 5273,
      "window": 5,
      "prediction_file": "predictions\\sample_5273_window_5.npz",
      "prediction_sha256": "494c6cc930313e2d2ac479ba13f4b2ef21f8b97bda157c4ea47579569626183d",
      "identity_delta": 0.0
    },
    {
      "sample_index": 5273,
      "window": 6,
      "prediction_file": "predictions\\sample_5273_window_6.npz",
      "prediction_sha256": "22dd31d05b293e27016a17171d2f74f4b6ad0b42579a8516e28e73cae3f31c64",
      "identity_delta": 0.0
    },
    {
      "sample_index": 5566,
      "window": 1,
      "prediction_file": "predictions\\sample_5566_window_1.npz",
      "prediction_sha256": "9057e01494f29a7dd5337f7a01ba7e1db8d5337b89de4488ff52a316e713abc5",
      "identity_delta": 0.0
    },
    {
      "sample_index": 5566,
      "window": 2,
      "prediction_file": "predictions\\sample_5566_window_2.npz",
      "prediction_sha256": "5f630f750936a35216ae6ca938609bc8e297ede6e15b867b479a96dafed498fd",
      "identity_delta": 0.0
    },
    {
      "sample_index": 5566,
      "window": 3,
      "prediction_file": "predictions\\sample_5566_window_3.npz",
      "prediction_sha256": "5098c6f9eaa84286323ffc0eb71ea4ac31b75d0c80cb638471686e4894213c46",
      "identity_delta": 0.0
    },
    {
      "sample_index": 5566,
      "window": 4,
      "prediction_file": "predictions\\sample_5566_window_4.npz",
      "prediction_sha256": "9120886ca761c6d4bbe2cc4be7ee69690f20a875412695d733621bdf9f81646d",
      "identity_delta": 0.0
    },
    {
      "sample_index": 5566,
      "window": 5,
      "prediction_file": "predictions\\sample_5566_window_5.npz",
      "prediction_sha256": "d941287d43ab6b99d3ee32f5dd7d037806e4e77fad03d220cb9dc2f1a912e11d",
      "identity_delta": 0.0
    },
    {
      "sample_index": 5566,
      "window": 6,
      "prediction_file": "predictions\\sample_5566_window_6.npz",
      "prediction_sha256": "7a4e736bd7b98ec3776a14404ac046ab3068f37a9f2ad6284dc280810f34777e",
      "identity_delta": 0.0
    },
    {
      "sample_index": 5858,
      "window": 1,
      "prediction_file": "predictions\\sample_5858_window_1.npz",
      "prediction_sha256": "a10b9eef865367bb9c54467212e9174496c413772ce87a934ae6b51a1424e2c5",
      "identity_delta": 0.0
    },
    {
      "sample_index": 5858,
      "window": 2,
      "prediction_file": "predictions\\sample_5858_window_2.npz",
      "prediction_sha256": "761356ef9b4c09d9989277e64590900db030f5568482c42ffa3a131e6a9f7a39",
      "identity_delta": 0.0
    },
    {
      "sample_index": 5858,
      "window": 3,
      "prediction_file": "predictions\\sample_5858_window_3.npz",
      "prediction_sha256": "dd0150822c57a39c27b1bdb35af21261b56c4732d3dd0f26b06869aaf74e9c4b",
      "identity_delta": 0.0
    },
    {
      "sample_index": 5858,
      "window": 4,
      "prediction_file": "predictions\\sample_5858_window_4.npz",
      "prediction_sha256": "049e7ee2a3c2b383ce623873523f0013a74d481a476171cdf1cc982ae5917bf3",
      "identity_delta": 0.0
    },
    {
      "sample_index": 5858,
      "window": 5,
      "prediction_file": "predictions\\sample_5858_window_5.npz",
      "prediction_sha256": "a64babca1ddae2dbe3e6dac5279df78aaf6c09a5e8942e9eb7b600e76f090839",
      "identity_delta": 0.0
    },
    {
      "sample_index": 5858,
      "window": 6,
      "prediction_file": "predictions\\sample_5858_window_6.npz",
      "prediction_sha256": "af536fd25c4bff05ca958a8ae87c62bc2094e487ce24d8d8256f34dc17c355ea",
      "identity_delta": 0.0
    },
    {
      "sample_index": 6151,
      "window": 1,
      "prediction_file": "predictions\\sample_6151_window_1.npz",
      "prediction_sha256": "95fcea8b32163e16c8e57af5b5ac2c0e61e292a7a28601c5b335ddcd2162cbde",
      "identity_delta": 0.0
    },
    {
      "sample_index": 6151,
      "window": 2,
      "prediction_file": "predictions\\sample_6151_window_2.npz",
      "prediction_sha256": "e25b52045d9788e14ab76826e01abee3743d659354aa6e4ddb76c4ded423f767",
      "identity_delta": 0.0
    },
    {
      "sample_index": 6151,
      "window": 3,
      "prediction_file": "predictions\\sample_6151_window_3.npz",
      "prediction_sha256": "f069d1e438ffaea02290565aaea89b64cabe29e540770f01a114d96cdefd32b2",
      "identity_delta": 0.0
    },
    {
      "sample_index": 6151,
      "window": 4,
      "prediction_file": "predictions\\sample_6151_window_4.npz",
      "prediction_sha256": "ee9dfa04eb118856512e42f28bbbf7d414334eb28eb85b0261d7017035b6d7aa",
      "identity_delta": 0.0
    },
    {
      "sample_index": 6151,
      "window": 5,
      "prediction_file": "predictions\\sample_6151_window_5.npz",
      "prediction_sha256": "4a2e1955a681ddf2c46b08f9e41cf44eec99bcf028784385d5490abdf2dc8a1e",
      "identity_delta": 0.0
    },
    {
      "sample_index": 6151,
      "window": 6,
      "prediction_file": "predictions\\sample_6151_window_6.npz",
      "prediction_sha256": "3e04de9eaca89f3b76826c6bd109e354b3a4a04d52b4f4a61773aaecb6cf19c0",
      "identity_delta": 0.0
    },
    {
      "sample_index": 6444,
      "window": 1,
      "prediction_file": "predictions\\sample_6444_window_1.npz",
      "prediction_sha256": "4316a2a65695453d71e882972bff60465f0e172e160b13360aa96a0d9367b03c",
      "identity_delta": 0.0
    },
    {
      "sample_index": 6444,
      "window": 2,
      "prediction_file": "predictions\\sample_6444_window_2.npz",
      "prediction_sha256": "6b992307faff1d31902922aa56644c735b33d013d11cfeab72e985b3a335e8b3",
      "identity_delta": 0.0
    },
    {
      "sample_index": 6444,
      "window": 3,
      "prediction_file": "predictions\\sample_6444_window_3.npz",
      "prediction_sha256": "9b9f4566ade004ddf29d3ecb3d238df0f6d2c8d5928956881dffeff793a6e2a8",
      "identity_delta": 0.0
    },
    {
      "sample_index": 6444,
      "window": 4,
      "prediction_file": "predictions\\sample_6444_window_4.npz",
      "prediction_sha256": "cb2ace6d6d717a57d8be17b2c9faf0f6052dd14be1a653b31626d38844ad2ac2",
      "identity_delta": 0.0
    },
    {
      "sample_index": 6444,
      "window": 5,
      "prediction_file": "predictions\\sample_6444_window_5.npz",
      "prediction_sha256": "80062df997b01780ea1434cc39d2fc93ae483fe06f02b0ecc456eaf826107c13",
      "identity_delta": 0.0
    },
    {
      "sample_index": 6444,
      "window": 6,
      "prediction_file": "predictions\\sample_6444_window_6.npz",
      "prediction_sha256": "5eaca40c247d509877a965f29cad460b7993764d179cd54e6ca8b998f7919a75",
      "identity_delta": 0.0
    },
    {
      "sample_index": 6737,
      "window": 1,
      "prediction_file": "predictions\\sample_6737_window_1.npz",
      "prediction_sha256": "827413c3e36ea1f73f14d48b24a1b7285e08af1d469cece95a0897d6dfd09e36",
      "identity_delta": 0.0
    },
    {
      "sample_index": 6737,
      "window": 2,
      "prediction_file": "predictions\\sample_6737_window_2.npz",
      "prediction_sha256": "c0cfa8af2d68226b8cbd44e4c4ce69ebcc25543db7e5406ca72ebce5f3901a86",
      "identity_delta": 0.0
    },
    {
      "sample_index": 6737,
      "window": 3,
      "prediction_file": "predictions\\sample_6737_window_3.npz",
      "prediction_sha256": "f523f442d8441d26685b325f87ccf3c250d37efab90d49213716a8e4c6dae22c",
      "identity_delta": 0.0
    },
    {
      "sample_index": 6737,
      "window": 4,
      "prediction_file": "predictions\\sample_6737_window_4.npz",
      "prediction_sha256": "1505a72dd589ed37811e4be48522ed5f8dcd7ee5a4bd3fddb4f55ec22d1bb431",
      "identity_delta": 0.0
    },
    {
      "sample_index": 6737,
      "window": 5,
      "prediction_file": "predictions\\sample_6737_window_5.npz",
      "prediction_sha256": "77643a52713815b2d27116f0631baa7672ce397824ed1bbd3c3ab8807c5aaea1",
      "identity_delta": 0.0
    },
    {
      "sample_index": 6737,
      "window": 6,
      "prediction_file": "predictions\\sample_6737_window_6.npz",
      "prediction_sha256": "110fce482dada0e42436671b03bc51e7dd87a82cf63399c7cb4d3ca84b45adfa",
      "identity_delta": 0.0
    },
    {
      "sample_index": 7030,
      "window": 1,
      "prediction_file": "predictions\\sample_7030_window_1.npz",
      "prediction_sha256": "6e9adf3550a54f43ed68aca29f91b5e486c9c9d856067978934b5ce7a3f4fae1",
      "identity_delta": 0.0
    },
    {
      "sample_index": 7030,
      "window": 2,
      "prediction_file": "predictions\\sample_7030_window_2.npz",
      "prediction_sha256": "f44bc77b39f6e420b67c6d1a1f04fe517b47447b0f5bb48db45beda85703c60a",
      "identity_delta": 0.0
    },
    {
      "sample_index": 7030,
      "window": 3,
      "prediction_file": "predictions\\sample_7030_window_3.npz",
      "prediction_sha256": "e2428af634a7128a2cc515a7aa263fb0851bd9205816d932e2d34e637a3a7d21",
      "identity_delta": 0.0
    },
    {
      "sample_index": 7030,
      "window": 4,
      "prediction_file": "predictions\\sample_7030_window_4.npz",
      "prediction_sha256": "960cea2ec78c590d101f98f65b3eeda657dfbe902df90403d422abb422b79847",
      "identity_delta": 0.0
    },
    {
      "sample_index": 7030,
      "window": 5,
      "prediction_file": "predictions\\sample_7030_window_5.npz",
      "prediction_sha256": "926d4588f9b96f3c5a05c9427da8cc622401b6ee31a1673a9cde1a6b60dd3afe",
      "identity_delta": 0.0
    },
    {
      "sample_index": 7030,
      "window": 6,
      "prediction_file": "predictions\\sample_7030_window_6.npz",
      "prediction_sha256": "1da36b739ca1a637d1e6fcda329098e21180c3a90901d360ca6012de972941a4",
      "identity_delta": 0.0
    },
    {
      "sample_index": 7323,
      "window": 1,
      "prediction_file": "predictions\\sample_7323_window_1.npz",
      "prediction_sha256": "e7af33f8e07b86844f696a82553904057ec797dfcfddd6e9b6cc0d2a335b0d7b",
      "identity_delta": 0.0
    },
    {
      "sample_index": 7323,
      "window": 2,
      "prediction_file": "predictions\\sample_7323_window_2.npz",
      "prediction_sha256": "9007329eeb547cc6db5a39d31ae00a40b7d2f461407ac926267c5e13f11eaac5",
      "identity_delta": 0.0
    },
    {
      "sample_index": 7323,
      "window": 3,
      "prediction_file": "predictions\\sample_7323_window_3.npz",
      "prediction_sha256": "fc413acd65472ed69d6a8af28a502300b401a46626d560ae5e8c0903d257b4c7",
      "identity_delta": 0.0
    },
    {
      "sample_index": 7323,
      "window": 4,
      "prediction_file": "predictions\\sample_7323_window_4.npz",
      "prediction_sha256": "da14c718dd9d61bbd7f42c8cffea0eed4e064a0dbe5decf2e491f1f23acbcf44",
      "identity_delta": 0.0
    },
    {
      "sample_index": 7323,
      "window": 5,
      "prediction_file": "predictions\\sample_7323_window_5.npz",
      "prediction_sha256": "55da8cdf802065db20d371901439c362a0eb02b4ff31c0bea3cf9fe9ec763fca",
      "identity_delta": 0.0
    },
    {
      "sample_index": 7323,
      "window": 6,
      "prediction_file": "predictions\\sample_7323_window_6.npz",
      "prediction_sha256": "738f6ff0a7c8622c6cecec896f1a60a78e90b69704a5db48c732ca21852635df",
      "identity_delta": 0.0
    },
    {
      "sample_index": 7616,
      "window": 1,
      "prediction_file": "predictions\\sample_7616_window_1.npz",
      "prediction_sha256": "24cc2ccd7824925f7f9f5166674329f5fae6b3ca7f6a2e4e7e37dd2ea7300fcc",
      "identity_delta": 0.0
    },
    {
      "sample_index": 7616,
      "window": 2,
      "prediction_file": "predictions\\sample_7616_window_2.npz",
      "prediction_sha256": "765857d94cbf5fba7b49d4c42fe97cdba95c74f4efc769898f583ea3f61aa651",
      "identity_delta": 0.0
    },
    {
      "sample_index": 7616,
      "window": 3,
      "prediction_file": "predictions\\sample_7616_window_3.npz",
      "prediction_sha256": "3836d1f1bffb0d93ed8a6518ceb5fdc1f00488723698b0b6dd7c81737bb93ddf",
      "identity_delta": 0.0
    },
    {
      "sample_index": 7616,
      "window": 4,
      "prediction_file": "predictions\\sample_7616_window_4.npz",
      "prediction_sha256": "1da21c13cd3897b6be7dbe8caec02f9156125b6757c310b04fab55879bdf792f",
      "identity_delta": 0.0
    },
    {
      "sample_index": 7616,
      "window": 5,
      "prediction_file": "predictions\\sample_7616_window_5.npz",
      "prediction_sha256": "4435de9bb5002c383cec89499ad3056a9f30d0becc29fa88aba00095b5f6ccc6",
      "identity_delta": 0.0
    },
    {
      "sample_index": 7616,
      "window": 6,
      "prediction_file": "predictions\\sample_7616_window_6.npz",
      "prediction_sha256": "ab90197ac4fe204814226d0e83189ad58e381f60c7dc50657d904bab60abea40",
      "identity_delta": 0.0
    },
    {
      "sample_index": 7909,
      "window": 1,
      "prediction_file": "predictions\\sample_7909_window_1.npz",
      "prediction_sha256": "3f55d0602a802fab834d683189288a49404453f07348db022176a4ac23e3aa91",
      "identity_delta": 0.0
    },
    {
      "sample_index": 7909,
      "window": 2,
      "prediction_file": "predictions\\sample_7909_window_2.npz",
      "prediction_sha256": "47bcec49a74ea072302296173a1153a85f05a003564f3bc1173b8b65666b4b31",
      "identity_delta": 0.0
    },
    {
      "sample_index": 7909,
      "window": 3,
      "prediction_file": "predictions\\sample_7909_window_3.npz",
      "prediction_sha256": "2044e4b21f1c6c401073ac49567ddfee3a5c9cf45d272fa4a1036a9787e22295",
      "identity_delta": 0.0
    },
    {
      "sample_index": 7909,
      "window": 4,
      "prediction_file": "predictions\\sample_7909_window_4.npz",
      "prediction_sha256": "7b3253e6d94c46c0cdc4f25dcaf4c571f0ed91e717b13ff90de25b21c1884bca",
      "identity_delta": 0.0
    },
    {
      "sample_index": 7909,
      "window": 5,
      "prediction_file": "predictions\\sample_7909_window_5.npz",
      "prediction_sha256": "4a0c80662ae121c10c1827c5ebeb589db7a6d40ba8d307d6ed4206ef8f1d80db",
      "identity_delta": 0.0
    },
    {
      "sample_index": 7909,
      "window": 6,
      "prediction_file": "predictions\\sample_7909_window_6.npz",
      "prediction_sha256": "e314900b6d6cfb2735d45a628e79ca4bf7a8baf4e47077dba46e6763d678ce84",
      "identity_delta": 0.0
    },
    {
      "sample_index": 8202,
      "window": 1,
      "prediction_file": "predictions\\sample_8202_window_1.npz",
      "prediction_sha256": "dd2c79f9d718d01f684298365334176e162508334a142f9c22c13d46803a1240",
      "identity_delta": 0.0
    },
    {
      "sample_index": 8202,
      "window": 2,
      "prediction_file": "predictions\\sample_8202_window_2.npz",
      "prediction_sha256": "e620d54f3ad7c9b415c23b8dac6859b45a9330d5bc7649ecdce07182b1c2185d",
      "identity_delta": 0.0
    },
    {
      "sample_index": 8202,
      "window": 3,
      "prediction_file": "predictions\\sample_8202_window_3.npz",
      "prediction_sha256": "52a8a1ee3d9f7adfe7e22e938a89b1c967308ddd0c6fee2c17c034be8bf204b4",
      "identity_delta": 0.0
    },
    {
      "sample_index": 8202,
      "window": 4,
      "prediction_file": "predictions\\sample_8202_window_4.npz",
      "prediction_sha256": "224c2cf05fa4840c0a8fb3c14929dba7fa02fdd19d0ea8e511df2eb5fb09018f",
      "identity_delta": 0.0
    },
    {
      "sample_index": 8202,
      "window": 5,
      "prediction_file": "predictions\\sample_8202_window_5.npz",
      "prediction_sha256": "2eed2bbc206d11f80e4cdf39b565108a3464c73d0f4b5e139c04dfae1478c836",
      "identity_delta": 0.0
    },
    {
      "sample_index": 8202,
      "window": 6,
      "prediction_file": "predictions\\sample_8202_window_6.npz",
      "prediction_sha256": "f6e0e5917d740a64128e56981db412e4029ffa1e7a29ddfd69982f51cfed7cc0",
      "identity_delta": 0.0
    },
    {
      "sample_index": 8495,
      "window": 1,
      "prediction_file": "predictions\\sample_8495_window_1.npz",
      "prediction_sha256": "dd692d1a5f475282cb60b957e905c4ac01be324b0d40faf36b968dee59c08b0a",
      "identity_delta": 0.0
    },
    {
      "sample_index": 8495,
      "window": 2,
      "prediction_file": "predictions\\sample_8495_window_2.npz",
      "prediction_sha256": "3b3577f46f889f6b57e3a19cb4d533be93e5c3e701bb9e83d36e6efd39af7210",
      "identity_delta": 0.0
    },
    {
      "sample_index": 8495,
      "window": 3,
      "prediction_file": "predictions\\sample_8495_window_3.npz",
      "prediction_sha256": "b3f406e9da82e956feaf17b7d67495958658321f1ecdb12cbc77c5819850b572",
      "identity_delta": 0.0
    },
    {
      "sample_index": 8495,
      "window": 4,
      "prediction_file": "predictions\\sample_8495_window_4.npz",
      "prediction_sha256": "e667a857e26067ed831019cdca49d44f22e58d441431b0b2612704c1ffe000a3",
      "identity_delta": 0.0
    },
    {
      "sample_index": 8495,
      "window": 5,
      "prediction_file": "predictions\\sample_8495_window_5.npz",
      "prediction_sha256": "fbd7deb02b52156ddd669cb9fbe0f73d44878006b784552548689e48cd19f4ea",
      "identity_delta": 0.0
    },
    {
      "sample_index": 8495,
      "window": 6,
      "prediction_file": "predictions\\sample_8495_window_6.npz",
      "prediction_sha256": "356eb7a98d05994e1ccec8cce402fde6293f2761d6dcd77647b5970fb3efd7d8",
      "identity_delta": 0.0
    },
    {
      "sample_index": 8788,
      "window": 1,
      "prediction_file": "predictions\\sample_8788_window_1.npz",
      "prediction_sha256": "30399a3d4dfcee296917349477c19240c50d60cda5d899a08fb43afcbe8aa515",
      "identity_delta": 0.0
    },
    {
      "sample_index": 8788,
      "window": 2,
      "prediction_file": "predictions\\sample_8788_window_2.npz",
      "prediction_sha256": "61ca5443f3d46fa82c556062d48fa4c625598265a6895139413f644cbaf73c04",
      "identity_delta": 0.0
    },
    {
      "sample_index": 8788,
      "window": 3,
      "prediction_file": "predictions\\sample_8788_window_3.npz",
      "prediction_sha256": "c2d0d717116bc01f08a68bf347b319506e9ffe0515708ba931d7b7561c4aaa1d",
      "identity_delta": 0.0
    },
    {
      "sample_index": 8788,
      "window": 4,
      "prediction_file": "predictions\\sample_8788_window_4.npz",
      "prediction_sha256": "57dc44fa71852d59e51476fe1798365d956e0fffe4abe9307b21fb8bcbe76d68",
      "identity_delta": 0.0
    },
    {
      "sample_index": 8788,
      "window": 5,
      "prediction_file": "predictions\\sample_8788_window_5.npz",
      "prediction_sha256": "125cd99bac865e355773111059b6cca39b7f5948f22c24902b825b8027dd34f4",
      "identity_delta": 0.0
    },
    {
      "sample_index": 8788,
      "window": 6,
      "prediction_file": "predictions\\sample_8788_window_6.npz",
      "prediction_sha256": "b3955198f16a5a3c15690e024db26a520686f1ede80c5b21b5bbab0dc704789c",
      "identity_delta": 0.0
    },
    {
      "sample_index": 9081,
      "window": 1,
      "prediction_file": "predictions\\sample_9081_window_1.npz",
      "prediction_sha256": "320fafe7e3c05ac61dad5df3685b43160d400ebeb097b98cf0833308c5f5d8f8",
      "identity_delta": 0.0
    },
    {
      "sample_index": 9081,
      "window": 2,
      "prediction_file": "predictions\\sample_9081_window_2.npz",
      "prediction_sha256": "dd60b2259521248b0d3bbc42dd3f2327ba927dabc6dd8177562f2f629c7e6c93",
      "identity_delta": 0.0
    },
    {
      "sample_index": 9081,
      "window": 3,
      "prediction_file": "predictions\\sample_9081_window_3.npz",
      "prediction_sha256": "5773eaec2a2a42e1fcc5d550fb8e73f13b8d1f0f7558e886ac8268d1ec93e593",
      "identity_delta": 0.0
    },
    {
      "sample_index": 9081,
      "window": 4,
      "prediction_file": "predictions\\sample_9081_window_4.npz",
      "prediction_sha256": "cdfb82da610ba463c2daa04d4003c49f26ed656bfecc3edff2acd91b0be3fb0a",
      "identity_delta": 0.0
    },
    {
      "sample_index": 9081,
      "window": 5,
      "prediction_file": "predictions\\sample_9081_window_5.npz",
      "prediction_sha256": "f5e37161f5e3e2e54722891648dbdcd98b7f6954b6a7d5a5524166de166499ef",
      "identity_delta": 0.0
    },
    {
      "sample_index": 9081,
      "window": 6,
      "prediction_file": "predictions\\sample_9081_window_6.npz",
      "prediction_sha256": "4c79efe61d71573fbaaaf5b3766ba9de8a71139763a717029ff636e2c2743db2",
      "identity_delta": 0.0
    },
    {
      "sample_index": 9374,
      "window": 1,
      "prediction_file": "predictions\\sample_9374_window_1.npz",
      "prediction_sha256": "2d4f47df7ad81a356976714fac2a30766b5b019e0b157ad9a346a79541db3d31",
      "identity_delta": 0.0
    },
    {
      "sample_index": 9374,
      "window": 2,
      "prediction_file": "predictions\\sample_9374_window_2.npz",
      "prediction_sha256": "83042a83d99e7acb02bef23f71d148a83a13cb3cb54995a2156c50e318a383e7",
      "identity_delta": 0.0
    },
    {
      "sample_index": 9374,
      "window": 3,
      "prediction_file": "predictions\\sample_9374_window_3.npz",
      "prediction_sha256": "ff895aa62138fe6ff0c7deb10ae447bf7cac7ed482f17298a8956cdb0d661b21",
      "identity_delta": 0.0
    },
    {
      "sample_index": 9374,
      "window": 4,
      "prediction_file": "predictions\\sample_9374_window_4.npz",
      "prediction_sha256": "9e01211197e442b568083ea6927b1579d82640c6b06259199da4ee4e08dd0ce3",
      "identity_delta": 0.0
    },
    {
      "sample_index": 9374,
      "window": 5,
      "prediction_file": "predictions\\sample_9374_window_5.npz",
      "prediction_sha256": "0251de10b92dba2fff4ad88883c8170173c0dda3421048a7da033384978df029",
      "identity_delta": 0.0
    },
    {
      "sample_index": 9374,
      "window": 6,
      "prediction_file": "predictions\\sample_9374_window_6.npz",
      "prediction_sha256": "6a25fb92591a7b356e33b253da06a3b16ac20c8aefc26643f00fb51141c3baad",
      "identity_delta": 0.0
    },
    {
      "sample_index": 9666,
      "window": 1,
      "prediction_file": "predictions\\sample_9666_window_1.npz",
      "prediction_sha256": "e40484e8ad11cc82eef25869d3d305f7710e2a0c2d3f8897acf26a7a31ea24ff",
      "identity_delta": 0.0
    },
    {
      "sample_index": 9666,
      "window": 2,
      "prediction_file": "predictions\\sample_9666_window_2.npz",
      "prediction_sha256": "fc4c12b314ffbbdf042b9680935d09ca6b6450bfe95b0786c2f63f8c881efd41",
      "identity_delta": 0.0
    },
    {
      "sample_index": 9666,
      "window": 3,
      "prediction_file": "predictions\\sample_9666_window_3.npz",
      "prediction_sha256": "ec40d8e6eeb950de328520d407dd04252bed150c1d9dbc506dcac33d0b2a5dc1",
      "identity_delta": 0.0
    },
    {
      "sample_index": 9666,
      "window": 4,
      "prediction_file": "predictions\\sample_9666_window_4.npz",
      "prediction_sha256": "8b3680976ac759e1dcc7a3eb9d65f45af6342970b985f189acc18c2ae1f7e313",
      "identity_delta": 0.0
    },
    {
      "sample_index": 9666,
      "window": 5,
      "prediction_file": "predictions\\sample_9666_window_5.npz",
      "prediction_sha256": "aed10f147336997b6aed538ee32bdffbfda5f9e6fc6f5844ce6911853d7c98a5",
      "identity_delta": 0.0
    },
    {
      "sample_index": 9666,
      "window": 6,
      "prediction_file": "predictions\\sample_9666_window_6.npz",
      "prediction_sha256": "b1b01a90316cf3d29cb9aa8407001467a93e68784b9f25163eed7a21bb395774",
      "identity_delta": 0.0
    },
    {
      "sample_index": 9959,
      "window": 1,
      "prediction_file": "predictions\\sample_9959_window_1.npz",
      "prediction_sha256": "626a6a4fbdace5a792f796dde18055b7e3d5d7245ee2925313a4827a5b32cee6",
      "identity_delta": 0.0
    },
    {
      "sample_index": 9959,
      "window": 2,
      "prediction_file": "predictions\\sample_9959_window_2.npz",
      "prediction_sha256": "1ec714dc4fdff71bae746def5cb3878962f4c29717bed675e02e2b4f10dee60e",
      "identity_delta": 0.0
    },
    {
      "sample_index": 9959,
      "window": 3,
      "prediction_file": "predictions\\sample_9959_window_3.npz",
      "prediction_sha256": "8a6ac0019f3aab91c335a0b098fb51927654c4c2a5181c81def235703fab163f",
      "identity_delta": 0.0
    },
    {
      "sample_index": 9959,
      "window": 4,
      "prediction_file": "predictions\\sample_9959_window_4.npz",
      "prediction_sha256": "f11c98563402665414916c863a9a9b9fe2f845d9a90a0c1b3864d07269295bab",
      "identity_delta": 0.0
    },
    {
      "sample_index": 9959,
      "window": 5,
      "prediction_file": "predictions\\sample_9959_window_5.npz",
      "prediction_sha256": "a1d46978ef9fdf5a9cbdc36dca04d6cc4b378660ef5c3ad6aec6a6a4abbf1d36",
      "identity_delta": 0.0
    },
    {
      "sample_index": 9959,
      "window": 6,
      "prediction_file": "predictions\\sample_9959_window_6.npz",
      "prediction_sha256": "c2db89a11d09fa4ce3a19dc8b576b1768c0e0225ccdaf0235c7270799af0929d",
      "identity_delta": 0.0
    },
    {
      "sample_index": 10252,
      "window": 1,
      "prediction_file": "predictions\\sample_10252_window_1.npz",
      "prediction_sha256": "e11e90283b80151fc93d9b3a42ecc1cb67a73aab1afc47ae57a8bbb94cd70b70",
      "identity_delta": 0.0
    },
    {
      "sample_index": 10252,
      "window": 2,
      "prediction_file": "predictions\\sample_10252_window_2.npz",
      "prediction_sha256": "56116930a18cc88dc5e10bda0a6e5c498102ac37030dfa286268419964825f7a",
      "identity_delta": 0.0
    },
    {
      "sample_index": 10252,
      "window": 3,
      "prediction_file": "predictions\\sample_10252_window_3.npz",
      "prediction_sha256": "29e3082151b79ee5b3c45106fc9d798ddd2632b9c4062baa65c24e4d8466c65b",
      "identity_delta": 0.0
    },
    {
      "sample_index": 10252,
      "window": 4,
      "prediction_file": "predictions\\sample_10252_window_4.npz",
      "prediction_sha256": "840576dff93ff24e6d421ef60415aa03fab29178b7f07f333e4c5da0fbb722e0",
      "identity_delta": 0.0
    },
    {
      "sample_index": 10252,
      "window": 5,
      "prediction_file": "predictions\\sample_10252_window_5.npz",
      "prediction_sha256": "4c6f4cd7c3df4bb53b41397e69922a145b05434220788956c1d161780e6ba72b",
      "identity_delta": 0.0
    },
    {
      "sample_index": 10252,
      "window": 6,
      "prediction_file": "predictions\\sample_10252_window_6.npz",
      "prediction_sha256": "06e5426b44f0a63cdc6f2d52e366266072822a1273fc86742c25ac8f01eaf7fd",
      "identity_delta": 0.0
    },
    {
      "sample_index": 10545,
      "window": 1,
      "prediction_file": "predictions\\sample_10545_window_1.npz",
      "prediction_sha256": "20aa3de6dcaa59edc62ef1a2b87d5a40a4b98eb541c016e36fe61676b8a47fd2",
      "identity_delta": 0.0
    },
    {
      "sample_index": 10545,
      "window": 2,
      "prediction_file": "predictions\\sample_10545_window_2.npz",
      "prediction_sha256": "596373d5fa258d927c0b40000d48904def1a53e3c24e7b9075b62c9ac6a3ff4a",
      "identity_delta": 0.0
    },
    {
      "sample_index": 10545,
      "window": 3,
      "prediction_file": "predictions\\sample_10545_window_3.npz",
      "prediction_sha256": "1a50399a3c4ab36f8467e8ff7841fe2c690d9b87d091e8b19d17b2da2f991a94",
      "identity_delta": 0.0
    },
    {
      "sample_index": 10545,
      "window": 4,
      "prediction_file": "predictions\\sample_10545_window_4.npz",
      "prediction_sha256": "7ae8c45a42b10c9fed758c4bad0d81a4bd90e25c5942441e104f1673d7362bf4",
      "identity_delta": 0.0
    },
    {
      "sample_index": 10545,
      "window": 5,
      "prediction_file": "predictions\\sample_10545_window_5.npz",
      "prediction_sha256": "916a7128a2dca064ff829149610d82ae17a1e09c50eafda17f35c9ea3c0ab020",
      "identity_delta": 0.0
    },
    {
      "sample_index": 10545,
      "window": 6,
      "prediction_file": "predictions\\sample_10545_window_6.npz",
      "prediction_sha256": "41eb123499d33ee8843c404d6d0c114b2fa6d81cc286dadec3ec5e0496b68f17",
      "identity_delta": 0.0
    },
    {
      "sample_index": 10838,
      "window": 1,
      "prediction_file": "predictions\\sample_10838_window_1.npz",
      "prediction_sha256": "3eb06676912896ae3cdb0bf967f9ec3f7ec5f26b8f0109deae6ea9b73cb61cfb",
      "identity_delta": 0.0
    },
    {
      "sample_index": 10838,
      "window": 2,
      "prediction_file": "predictions\\sample_10838_window_2.npz",
      "prediction_sha256": "66332561b0c22a67ba730dffd23a65d9d913e3ada085ca585b85608364a8aa75",
      "identity_delta": 0.0
    },
    {
      "sample_index": 10838,
      "window": 3,
      "prediction_file": "predictions\\sample_10838_window_3.npz",
      "prediction_sha256": "ee47670408ea1a413b17cc3210779e45564dc429cbf2da7d9a6acf5e95e6933a",
      "identity_delta": 0.0
    },
    {
      "sample_index": 10838,
      "window": 4,
      "prediction_file": "predictions\\sample_10838_window_4.npz",
      "prediction_sha256": "168bdaea6880b50773f82cc31c01d051c2d8fcb9e114205eca6fbbde10984d44",
      "identity_delta": 0.0
    },
    {
      "sample_index": 10838,
      "window": 5,
      "prediction_file": "predictions\\sample_10838_window_5.npz",
      "prediction_sha256": "79e9d14feb0ff016dd45be7c6fbb932472c46c050b211d84c156486c271930ce",
      "identity_delta": 0.0
    },
    {
      "sample_index": 10838,
      "window": 6,
      "prediction_file": "predictions\\sample_10838_window_6.npz",
      "prediction_sha256": "b6fbc18c936806d7ca8a9738a76f066b644a0c76335ae8999113c5c09549bc11",
      "identity_delta": 0.0
    },
    {
      "sample_index": 11131,
      "window": 1,
      "prediction_file": "predictions\\sample_11131_window_1.npz",
      "prediction_sha256": "eec4015d415c1f16310c02a0867ffc4bebfe9bf4545382d3d436e48737fa3f58",
      "identity_delta": 0.0
    },
    {
      "sample_index": 11131,
      "window": 2,
      "prediction_file": "predictions\\sample_11131_window_2.npz",
      "prediction_sha256": "0cf3a169a7b553ecbad2765f0eb460780784654429aeae9f86bd6ca9f12e02a9",
      "identity_delta": 0.0
    },
    {
      "sample_index": 11131,
      "window": 3,
      "prediction_file": "predictions\\sample_11131_window_3.npz",
      "prediction_sha256": "12fef2c2891363bd92b7bfe025739eb26421a932479afce3bc8cfbf24376527b",
      "identity_delta": 0.0
    },
    {
      "sample_index": 11131,
      "window": 4,
      "prediction_file": "predictions\\sample_11131_window_4.npz",
      "prediction_sha256": "4884bd4239d10de9f964a1459aa49ce053346aa6c07f5a0a12b59ae3300db386",
      "identity_delta": 0.0
    },
    {
      "sample_index": 11131,
      "window": 5,
      "prediction_file": "predictions\\sample_11131_window_5.npz",
      "prediction_sha256": "3b1c653786ab97e46aebf57f8cc873a823c6d7ea87486ed151969125b62e2188",
      "identity_delta": 0.0
    },
    {
      "sample_index": 11131,
      "window": 6,
      "prediction_file": "predictions\\sample_11131_window_6.npz",
      "prediction_sha256": "7e3ebb54ec9504faadbdce660bdfb8894f03ba2e99521aea8ec9205e8a2b71fa",
      "identity_delta": 0.0
    },
    {
      "sample_index": 11424,
      "window": 1,
      "prediction_file": "predictions\\sample_11424_window_1.npz",
      "prediction_sha256": "8ba6217b741545d4670fbb449185a5db68bc88381695fa0eb3b4f055c272e99e",
      "identity_delta": 0.0
    },
    {
      "sample_index": 11424,
      "window": 2,
      "prediction_file": "predictions\\sample_11424_window_2.npz",
      "prediction_sha256": "f3cb93c334423f8c2c4f81c0c54a8621ece83ab660cf3f3e5490b71186ea32ec",
      "identity_delta": 0.0
    },
    {
      "sample_index": 11424,
      "window": 3,
      "prediction_file": "predictions\\sample_11424_window_3.npz",
      "prediction_sha256": "c1df069660e4d8703ffb95c27e9e5d85aa12745b926c8c79be0120eeb9114deb",
      "identity_delta": 0.0
    },
    {
      "sample_index": 11424,
      "window": 4,
      "prediction_file": "predictions\\sample_11424_window_4.npz",
      "prediction_sha256": "e4de6ca6a07de535f018b6bf46191a32f2870d60b7b7c87fb8de1833071ea2ed",
      "identity_delta": 0.0
    },
    {
      "sample_index": 11424,
      "window": 5,
      "prediction_file": "predictions\\sample_11424_window_5.npz",
      "prediction_sha256": "781a78b65dd7f7a90450a299d7578c073d850aafca846faedd0ba394fcfe93f5",
      "identity_delta": 0.0
    },
    {
      "sample_index": 11424,
      "window": 6,
      "prediction_file": "predictions\\sample_11424_window_6.npz",
      "prediction_sha256": "0e01f66d7c473f52d1ed848e8f9f721d43219432615ac1b9b0f8fa6d46500a4f",
      "identity_delta": 0.0
    }
  ],
  "cross_run": {
    "status": "missing",
    "metrics": null,
    "reason": "Only one real ETTm1 checkpoint is available."
  }
}
